// Jest Snapshot v1, https://goo.gl/fbAQLP

exports[`CountryDropDown should render correctly 1`] = `
<div>
  <select />
</div>
`;
